// Jest Snapshot v1, https://goo.gl/fbAQLP

exports[`Main application matches snapshot 1`] = `"Child component"`;
