// Jest Snapshot v1, https://goo.gl/fbAQLP

exports[`Error page matches snapshot 1`] = `
.emotion-0 {
  -webkit-align-items: center;
  -webkit-box-align: center;
  -ms-flex-align: center;
  align-items: center;
  display: -webkit-box;
  display: -webkit-flex;
  display: -ms-flexbox;
  display: flex;
  -webkit-flex-direction: column;
  -ms-flex-direction: column;
  flex-direction: column;
  height: 100vh;
  -webkit-box-pack: center;
  -webkit-justify-content: center;
  -ms-flex-pack: center;
  justify-content: center;
  width: 100vw;
}

.emotion-0 h1 {
  font-size: 2em;
  margin: 0;
  padding: 0;
}

.emotion-0 h2 {
  font-size: 6em;
  margin: 0.5rem;
}

<main
  className="emotion-0"
>
  <h1
    id="error-status-code"
  >
    Error
  </h1>
  <h2>
    <code
      id="error-code"
    >
      Unknown
    </code>
  </h2>
  <a
    href="/"
    onClick={[Function]}
    onMouseEnter={[Function]}
  >
    Return to home page
  </a>
</main>
`;
